Energy,M,ln_g
-32,0,1592.64
-28,1.08433,1597.42
-24,1.62785,1600.55
-20,2.11562,1602.57
-16,2.54496,1603.73
-12,2.97376,1604.38
-8,3.39108,1604.8
-4,3.83692,1604.96
0,4.29823,1604.99
4,4.81678,1604.82
8,5.40655,1604.55
12,6.05343,1604.13
16,6.86439,1603.64
20,7.77667,1603
24,8.90485,1602.33
28,10.1258,1601.53
32,11.7283,1600.67
36,13.3365,1599.79
40,15.5172,1598.78
44,17.6751,1597.91
48,19.6177,1596.77
52,21.7175,1596.01
56,22.7098,1594.83
60,24.3997,1593.91
64,25.333,1593.28
68,26,1591
72,27.6032,1591.48
76,28,1589.88
84,30,1588.77
96,32,1585.33
